Exception Level 3
Exception Level 2
Exception Level 1
Innermost